// Jest Snapshot v1, https://goo.gl/fbAQLP

exports[`expect to render Card component 1`] = `
<div
  className="card-container"
  key=""
>
  <img
    alt="monsters "
    src="https://robohash.org/?set=set2&size=180x180"
  />
  <h2 />
  <p
    className="card-email"
  />
</div>
`;
